
Running 1 test using 1 worker

[INFO] Starting Mobile Functional Test (390x844)...
[PASS] Homepage Loaded
[PASS] Mobile Menu Button Visible
  Γ£ÿ  1 tests\mobile.spec.ts:7:5 ΓÇ║ Mobile Functional Test (6.4s)


  1) tests\mobile.spec.ts:7:5 ΓÇ║ Mobile Functional Test ΓöÇΓöÇΓöÇΓöÇΓöÇΓöÇΓöÇΓöÇΓöÇΓöÇΓöÇΓöÇΓöÇΓöÇΓöÇΓöÇΓöÇΓöÇΓöÇΓöÇΓöÇΓöÇΓöÇΓöÇΓöÇΓöÇΓöÇΓöÇΓöÇΓöÇΓöÇΓöÇΓöÇΓöÇΓöÇΓöÇΓöÇΓöÇΓöÇΓöÇΓöÇΓöÇΓöÇΓöÇΓöÇ

    Error: [2mexpect([22m[31mlocator[39m[2m).[22mtoBeVisible[2m([22m[2m)[22m failed

    Locator:  getByText('Our Story').first()
    Expected: visible
    Received: hidden
    Timeout:  5000ms

    Call log:
    [2m  - Expect "toBeVisible" with timeout 5000ms[22m
    [2m  - waiting for getByText('Our Story').first()[22m
    [2m    9 ├ù locator resolved to <button class="text-secondary font-medium tracking-wide hover:text-primary transition-colors cursor-pointer">Our Story</button>[22m
    [2m      - unexpected value "hidden"[22m


      22 |     // Wait for overlay animation, verify link "Our Story" is visible
      23 |     const storyLink = page.getByText('Our Story').first();
    > 24 |     await expect(storyLink).toBeVisible();
         |                             ^
      25 |     console.log('[PASS] Mobile Menu Opened & Links Visible');
      26 |
      27 |     // 4. Navigate to "Products" (Click link inside menu)
        at C:\Users\Rishav\Disk\Codes\GaonKa\tests\mobile.spec.ts:24:29

    Error Context: test-results\tests-mobile-Mobile-Functional-Test\error-context.md

  1 failed
    tests\mobile.spec.ts:7:5 ΓÇ║ Mobile Functional Test ΓöÇΓöÇΓöÇΓöÇΓöÇΓöÇΓöÇΓöÇΓöÇΓöÇΓöÇΓöÇΓöÇΓöÇΓöÇΓöÇΓöÇΓöÇΓöÇΓöÇΓöÇΓöÇΓöÇΓöÇΓöÇΓöÇΓöÇΓöÇΓöÇΓöÇΓöÇΓöÇΓöÇΓöÇΓöÇΓöÇΓöÇΓöÇΓöÇΓöÇΓöÇΓöÇΓöÇΓöÇΓöÇΓöÇ
