app/admin-gaonka-9fX72K/(dashboard)/cms-actions.ts(73,28): error TS7053: Element implicitly has an 'any' type because expression of type 'string' can't be used to index type '{ dailyUpdate: boolean; process: boolean; farmers: boolean; faq: boolean; press: boolean; antiMarketing: boolean; whoNotFor: boolean; }'.
  No index signature with a parameter of type 'string' was found on type '{ dailyUpdate: boolean; process: boolean; farmers: boolean; faq: boolean; press: boolean; antiMarketing: boolean; whoNotFor: boolean; }'.
